ASxxxx Linker V03.00 + NoICE + sdld,  page 1.
Hexadecimal  [32-Bits]

Area                                    Addr        Size        Decimal Bytes (Attributes)
--------------------------------        ----        ----        ------- ----- ------------
IABS3                               00000000    00000001 =           1. bytes (ABS,CON)

      Value  Global                              Global Defined In Module
      -----  --------------------------------   ------------------------
     00000000  l_CABS                          
     00000000  l_GSINIT1                       
     00000000  l_GSINIT5                       
     00000000  l_IABS                          
     00000000  l_ISEG                          
     00000000  l_PSEG                          
     00000000  l_REG_BANK_2                    
     00000000  l_REG_BANK_3                    
     00000000  l_RSEG                          
     00000000  l_RSEG0                         
     00000000  l_RSEG1                         
     00000000  l_XABS                          
     00000000  l__CODE                         
     00000000  s_BSEG                          
     00000000  s_CABS                          
     00000000  s_DSEG                          
     00000000  s_HOME                          
     00000000  s_IABS                          
     00000000  s_IABS2                         
     00000000  s_IABS3                         
     00000000  s_ISEG                          
     00000000  s_REG_BANK_0                    
     00000000  s_RSEG                          
     00000000  s_RSEG0                         
     00000000  s_RSEG1                         
     00000000  s_XABS                          
     00000001  l_BIT_BANK                      
     00000001  l_BSEG_BYTES                    
     00000001  l_IABS3                         
     00000003  l_GSINIT0                       
     00000004  l_GSFINAL                       
     00000004  l_IABS2                         
     00000005  l_BSEG                          
     00000005  l_OSEG                          
     00000008  l_REG_BANK_0                    
     00000008  l_REG_BANK_1                    
     00000008  s_REG_BANK_1                    
     0000000A  l_GSINIT2                       
     0000000C  _timer0_overflow_count_5th_byte    main
     00000010  s_REG_BANK_2                    
     00000012  l_GSINIT                        
     00000018  s_REG_BANK_3                    
     00000019  s_OSEG                          
     00000020  s_BSEG_BYTES                    
     00000020  s__CODE                         
     00000021  s_BIT_BANK                      
     00000022  l_GSINIT3                       
     0000002A  l_GSINIT4                       
     0000003A  s_SSEG                          
     0000004D  l_XINIT                         
ASxxxx Linker V03.00 + NoICE + sdld,  page 2.
Hexadecimal  [32-Bits]

Area                                    Addr        Size        Decimal Bytes (Attributes)
--------------------------------        ----        ----        ------- ----- ------------
IABS3                               00000000    00000001 =           1. bytes (ABS,CON)

      Value  Global                              Global Defined In Module
      -----  --------------------------------   ------------------------
     0000004D  l_XISEG                         
     0000006B  l_HOME                          
     0000006B  s_GSINIT0                       
     0000006E  s_GSINIT1                       
     0000006E  s_GSINIT2                       
     00000078  s_GSINIT3                       
     0000007E  l_DSEG                          
     00000094  s_PSEG                          
     00000094  s_XSEG                          
     0000009A  s_GSINIT4                       
     000000C4  s_GSINIT                        
     000000C4  s_GSINIT5                       
     000000C6  l_SSEG                          
     000000CF  l_XSEG                          
     000000D6  s_GSFINAL                       
     000000DA  s_CSEG                          
     00000100  l_IRAM                          
     00000163  s_XISEG                         
     000001A9  l_CONST                         
     00002729  l_CSEG                          
     00002803  s_CONST                         
     000029AC  s_XINIT                         
ASxxxx Linker V03.00 + NoICE + sdld,  page 3.
Hexadecimal  [32-Bits]

Area                                    Addr        Size        Decimal Bytes (Attributes)
--------------------------------        ----        ----        ------- ----- ------------
IABS2                               00000000    00000004 =           4. bytes (ABS,CON)

      Value  Global                              Global Defined In Module
      -----  --------------------------------   ------------------------
     00000008  _timer0_overflow_count             main

ASxxxx Linker V03.00 + NoICE + sdld,  page 4.
Hexadecimal  [32-Bits]

Area                                    Addr        Size        Decimal Bytes (Attributes)
--------------------------------        ----        ----        ------- ----- ------------
.  .ABS.                            00000000    00000000 =           0. bytes (ABS,CON)

      Value  Global                              Global Defined In Module
      -----  --------------------------------   ------------------------
     00000000  .__.ABS.                           _moduint
     00000000  _Ep0Buffer                         USBhandler
     00000008  _Ep1Buffer                         USBhandler
     00000010  _Ep2Buffer                         USBhandler
     00000080  _ADC_CHAN0                         HardwareSerial1ISR
     00000080  _ADC_CTRL                          HardwareSerial1ISR
     00000081  _ADC_CHAN1                         HardwareSerial1ISR
     00000081  _SP                                HardwareSerial1ISR
     00000082  _DPL                               HardwareSerial1ISR
     00000083  _CMP_CHAN                          HardwareSerial1ISR
     00000083  _DPH                               HardwareSerial1ISR
     00000084  _ADC_START                         HardwareSerial1ISR
     00000084  _ROM_ADDR_L                        HardwareSerial1ISR
     00000085  _ADC_IF                            HardwareSerial1ISR
     00000085  _ROM_ADDR_H                        HardwareSerial1ISR
     00000086  _CMP_IF                            HardwareSerial1ISR
     00000086  _ROM_CTRL                          HardwareSerial1ISR
     00000087  _CMPO                              HardwareSerial1ISR
     00000087  _PCON                              HardwareSerial1ISR
     00000088  _IT0                               HardwareSerial1ISR
     00000088  _TCON                              HardwareSerial1ISR
     00000089  _IE0                               HardwareSerial1ISR
     00000089  _TMOD                              HardwareSerial1ISR
     0000008A  _IT1                               HardwareSerial1ISR
     0000008A  _TL0                               HardwareSerial1ISR
     0000008B  _IE1                               HardwareSerial1ISR
     0000008B  _TL1                               HardwareSerial1ISR
     0000008C  _TH0                               HardwareSerial1ISR
     0000008C  _TR0                               HardwareSerial1ISR
     0000008D  _TF0                               HardwareSerial1ISR
     0000008D  _TH1                               HardwareSerial1ISR
     0000008E  _ROM_DATA_L                        HardwareSerial1ISR
     0000008E  _TR1                               HardwareSerial1ISR
     0000008F  _ROM_DATA_H                        HardwareSerial1ISR
     0000008F  _TF1                               HardwareSerial1ISR
     00000090  _CAP1                              HardwareSerial1ISR
     00000090  _P1                                HardwareSerial1ISR
     00000090  _P1_0                              HardwareSerial1ISR
     00000090  _T2                                HardwareSerial1ISR
     00000090  _TIN0                              HardwareSerial1ISR
     00000091  _AIN0                              HardwareSerial1ISR
     00000091  _CAP2                              HardwareSerial1ISR
     00000091  _P1_1                              HardwareSerial1ISR
     00000091  _T2EX                              HardwareSerial1ISR
     00000091  _TIN1                              HardwareSerial1ISR
     00000091  _USB_C_CTRL                        HardwareSerial1ISR
     00000091  _VBUS2                             HardwareSerial1ISR
     00000092  _P1_2                              HardwareSerial1ISR
     00000092  _P1_MOD_OC                         HardwareSerial1ISR
     00000092  _RXD_                              HardwareSerial1ISR
ASxxxx Linker V03.00 + NoICE + sdld,  page 5.
Hexadecimal  [32-Bits]

Area                                    Addr        Size        Decimal Bytes (Attributes)
--------------------------------        ----        ----        ------- ----- ------------
.  .ABS.                            00000000    00000000 =           0. bytes (ABS,CON)

      Value  Global                              Global Defined In Module
      -----  --------------------------------   ------------------------
     00000093  _P1_3                              HardwareSerial1ISR
     00000093  _P1_DIR_PU                         HardwareSerial1ISR
     00000093  _TXD_                              HardwareSerial1ISR
     00000094  _AIN1                              HardwareSerial1ISR
     00000094  _CAP1_                             HardwareSerial1ISR
     00000094  _P1_4                              HardwareSerial1ISR
     00000094  _SCS                               HardwareSerial1ISR
     00000094  _T2_                               HardwareSerial1ISR
     00000094  _TIN2                              HardwareSerial1ISR
     00000094  _UCC1                              HardwareSerial1ISR
     00000095  _AIN2                              HardwareSerial1ISR
     00000095  _MOSI                              HardwareSerial1ISR
     00000095  _P1_5                              HardwareSerial1ISR
     00000095  _PWM1                              HardwareSerial1ISR
     00000095  _TIN3                              HardwareSerial1ISR
     00000095  _UCC2                              HardwareSerial1ISR
     00000096  _MISO                              HardwareSerial1ISR
     00000096  _P1_6                              HardwareSerial1ISR
     00000096  _P3_MOD_OC                         HardwareSerial1ISR
     00000096  _RXD1                              HardwareSerial1ISR
     00000096  _TIN4                              HardwareSerial1ISR
     00000097  _P1_7                              HardwareSerial1ISR
     00000097  _P3_DIR_PU                         HardwareSerial1ISR
     00000097  _SCK                               HardwareSerial1ISR
     00000097  _TIN5                              HardwareSerial1ISR
     00000097  _TXD1                              HardwareSerial1ISR
     00000098  _RI                                HardwareSerial1ISR
     00000098  _SCON                              HardwareSerial1ISR
     00000099  _SBUF                              HardwareSerial1ISR
     00000099  _TI                                HardwareSerial1ISR
     0000009A  _ADC_CFG                           HardwareSerial1ISR
     0000009A  _RB8                               HardwareSerial1ISR
     0000009B  _PWM_DATA2                         HardwareSerial1ISR
     0000009B  _TB8                               HardwareSerial1ISR
     0000009C  _PWM_DATA1                         HardwareSerial1ISR
     0000009C  _REN                               HardwareSerial1ISR
     0000009D  _PWM_CTRL                          HardwareSerial1ISR
     0000009D  _SM2                               HardwareSerial1ISR
     0000009E  _PWM_CK_SE                         HardwareSerial1ISR
     0000009E  _SM1                               HardwareSerial1ISR
     0000009F  _ADC_DATA                          HardwareSerial1ISR
     0000009F  _SM0                               HardwareSerial1ISR
     000000A0  _P2                                HardwareSerial1ISR
     000000A0  __XPAGE                            
     000000A1  _SAFE_MOD                          HardwareSerial1ISR
     000000A2  _XBUS_AUX                          HardwareSerial1ISR
     000000A8  _EX0                               HardwareSerial1ISR
     000000A8  _IE                                HardwareSerial1ISR
     000000A9  _ET0                               HardwareSerial1ISR
     000000A9  _WAKE_CTRL                         HardwareSerial1ISR
     000000AA  _EX1                               HardwareSerial1ISR
ASxxxx Linker V03.00 + NoICE + sdld,  page 6.
Hexadecimal  [32-Bits]

Area                                    Addr        Size        Decimal Bytes (Attributes)
--------------------------------        ----        ----        ------- ----- ------------
.  .ABS.                            00000000    00000000 =           0. bytes (ABS,CON)

      Value  Global                              Global Defined In Module
      -----  --------------------------------   ------------------------
     000000AB  _ET1                               HardwareSerial1ISR
     000000AC  _ES                                HardwareSerial1ISR
     000000AD  _ET2                               HardwareSerial1ISR
     000000AE  _E_DIS                             HardwareSerial1ISR
     000000AF  _EA                                HardwareSerial1ISR
     000000B0  _P3                                HardwareSerial1ISR
     000000B0  _P3_0                              HardwareSerial1ISR
     000000B0  _PWM1_                             HardwareSerial1ISR
     000000B0  _RXD                               HardwareSerial1ISR
     000000B1  _GLOBAL_CFG                        HardwareSerial1ISR
     000000B1  _P3_1                              HardwareSerial1ISR
     000000B1  _PWM2_                             HardwareSerial1ISR
     000000B1  _TXD                               HardwareSerial1ISR
     000000B2  _AIN3                              HardwareSerial1ISR
     000000B2  _INT0                              HardwareSerial1ISR
     000000B2  _P3_2                              HardwareSerial1ISR
     000000B2  _TXD1_                             HardwareSerial1ISR
     000000B2  _VBUS1                             HardwareSerial1ISR
     000000B3  _INT1                              HardwareSerial1ISR
     000000B3  _P3_3                              HardwareSerial1ISR
     000000B4  _P3_4                              HardwareSerial1ISR
     000000B4  _PWM2                              HardwareSerial1ISR
     000000B4  _RXD1_                             HardwareSerial1ISR
     000000B4  _T0                                HardwareSerial1ISR
     000000B5  _P3_5                              HardwareSerial1ISR
     000000B5  _T1                                HardwareSerial1ISR
     000000B6  _P3_6                              HardwareSerial1ISR
     000000B6  _UDP                               HardwareSerial1ISR
     000000B7  _P3_7                              HardwareSerial1ISR
     000000B7  _UDM                               HardwareSerial1ISR
     000000B8  _IP                                HardwareSerial1ISR
     000000B8  _PX0                               HardwareSerial1ISR
     000000B9  _CLOCK_CFG                         HardwareSerial1ISR
     000000B9  _PT0                               HardwareSerial1ISR
     000000BA  _PX1                               HardwareSerial1ISR
     000000BB  _PT1                               HardwareSerial1ISR
     000000BC  _PS                                HardwareSerial1ISR
     000000BD  _PT2                               HardwareSerial1ISR
     000000BE  _PL_FLAG                           HardwareSerial1ISR
     000000BF  _PH_FLAG                           HardwareSerial1ISR
     000000C0  _SCON1                             HardwareSerial1ISR
     000000C0  _U1RI                              HardwareSerial1ISR
     000000C1  _SBUF1                             HardwareSerial1ISR
     000000C1  _U1TI                              HardwareSerial1ISR
     000000C2  _SBAUD1                            HardwareSerial1ISR
     000000C2  _U1RB8                             HardwareSerial1ISR
     000000C3  _TKEY_CTRL                         HardwareSerial1ISR
     000000C3  _U1TB8                             HardwareSerial1ISR
     000000C4  _TKEY_DATL                         HardwareSerial1ISR
     000000C4  _U1REN                             HardwareSerial1ISR
     000000C5  _TKEY_DATH                         HardwareSerial1ISR
ASxxxx Linker V03.00 + NoICE + sdld,  page 7.
Hexadecimal  [32-Bits]

Area                                    Addr        Size        Decimal Bytes (Attributes)
--------------------------------        ----        ----        ------- ----- ------------
.  .ABS.                            00000000    00000000 =           0. bytes (ABS,CON)

      Value  Global                              Global Defined In Module
      -----  --------------------------------   ------------------------
     000000C5  _U1SMOD                            HardwareSerial1ISR
     000000C6  _PIN_FUNC                          HardwareSerial1ISR
     000000C7  _GPIO_IE                           HardwareSerial1ISR
     000000C7  _U1SM0                             HardwareSerial1ISR
     000000C8  _CP_RL2                            HardwareSerial1ISR
     000000C8  _T2CON                             HardwareSerial1ISR
     000000C9  _C_T2                              HardwareSerial1ISR
     000000C9  _T2MOD                             HardwareSerial1ISR
     000000CA  _RCAP2L                            HardwareSerial1ISR
     000000CA  _TR2                               HardwareSerial1ISR
     000000CB  _EXEN2                             HardwareSerial1ISR
     000000CB  _RCAP2H                            HardwareSerial1ISR
     000000CC  _TCLK                              HardwareSerial1ISR
     000000CC  _TL2                               HardwareSerial1ISR
     000000CD  _RCLK                              HardwareSerial1ISR
     000000CD  _TH2                               HardwareSerial1ISR
     000000CE  _EXF2                              HardwareSerial1ISR
     000000CE  _T2CAP1L                           HardwareSerial1ISR
     000000CF  _CAP1F                             HardwareSerial1ISR
     000000CF  _T2CAP1H                           HardwareSerial1ISR
     000000CF  _TF2                               HardwareSerial1ISR
     000000D0  _P                                 HardwareSerial1ISR
     000000D0  _PSW                               HardwareSerial1ISR
     000000D1  _F1                                HardwareSerial1ISR
     000000D1  _UDEV_CTRL                         HardwareSerial1ISR
     000000D2  _OV                                HardwareSerial1ISR
     000000D2  _UEP1_CTRL                         HardwareSerial1ISR
     000000D3  _RS0                               HardwareSerial1ISR
     000000D3  _UEP1_T_LEN                        HardwareSerial1ISR
     000000D4  _RS1                               HardwareSerial1ISR
     000000D4  _UEP2_CTRL                         HardwareSerial1ISR
     000000D5  _F0                                HardwareSerial1ISR
     000000D5  _UEP2_T_LEN                        HardwareSerial1ISR
     000000D6  _AC                                HardwareSerial1ISR
     000000D6  _UEP3_CTRL                         HardwareSerial1ISR
     000000D7  _CY                                HardwareSerial1ISR
     000000D7  _UEP3_T_LEN                        HardwareSerial1ISR
     000000D8  _UIF_BUS_RST                       HardwareSerial1ISR
     000000D8  _UIF_DETECT                        HardwareSerial1ISR
     000000D8  _USB_INT_FG                        HardwareSerial1ISR
     000000D9  _UIF_TRANSFER                      HardwareSerial1ISR
     000000D9  _USB_INT_ST                        HardwareSerial1ISR
     000000DA  _UIF_SUSPEND                       HardwareSerial1ISR
     000000DA  _USB_MIS_ST                        HardwareSerial1ISR
     000000DB  _UIF_HST_SOF                       HardwareSerial1ISR
     000000DB  _USB_RX_LEN                        HardwareSerial1ISR
     000000DC  _UEP0_CTRL                         HardwareSerial1ISR
     000000DC  _UIF_FIFO_OV                       HardwareSerial1ISR
     000000DD  _UEP0_T_LEN                        HardwareSerial1ISR
     000000DD  _U_SIE_FREE                        HardwareSerial1ISR
     000000DE  _UEP4_CTRL                         HardwareSerial1ISR
ASxxxx Linker V03.00 + NoICE + sdld,  page 8.
Hexadecimal  [32-Bits]

Area                                    Addr        Size        Decimal Bytes (Attributes)
--------------------------------        ----        ----        ------- ----- ------------
.  .ABS.                            00000000    00000000 =           0. bytes (ABS,CON)

      Value  Global                              Global Defined In Module
      -----  --------------------------------   ------------------------
     000000DE  _U_TOG_OK                          HardwareSerial1ISR
     000000DF  _UEP4_T_LEN                        HardwareSerial1ISR
     000000DF  _U_IS_NAK                          HardwareSerial1ISR
     000000E0  _ACC                               HardwareSerial1ISR
     000000E1  _USB_INT_EN                        HardwareSerial1ISR
     000000E2  _USB_CTRL                          HardwareSerial1ISR
     000000E3  _USB_DEV_AD                        HardwareSerial1ISR
     000000E4  _UEP2_DMA_L                        HardwareSerial1ISR
     000000E5  _UEP2_DMA_H                        HardwareSerial1ISR
     000000E6  _UEP3_DMA_L                        HardwareSerial1ISR
     000000E7  _UEP3_DMA_H                        HardwareSerial1ISR
     000000E8  _IE_EX                             HardwareSerial1ISR
     000000E8  _IE_SPI0                           HardwareSerial1ISR
     000000E9  _IE_TKEY                           HardwareSerial1ISR
     000000E9  _IP_EX                             HardwareSerial1ISR
     000000EA  _IE_USB                            HardwareSerial1ISR
     000000EA  _UEP4_1_MOD                        HardwareSerial1ISR
     000000EB  _IE_ADC                            HardwareSerial1ISR
     000000EB  _UEP2_3_MOD                        HardwareSerial1ISR
     000000EC  _IE_UART1                          HardwareSerial1ISR
     000000EC  _UEP0_DMA_L                        HardwareSerial1ISR
     000000ED  _IE_PWMX                           HardwareSerial1ISR
     000000ED  _UEP0_DMA_H                        HardwareSerial1ISR
     000000EE  _IE_GPIO                           HardwareSerial1ISR
     000000EE  _UEP1_DMA_L                        HardwareSerial1ISR
     000000EF  _IE_WDOG                           HardwareSerial1ISR
     000000EF  _UEP1_DMA_H                        HardwareSerial1ISR
     000000F0  _B                                 HardwareSerial1ISR
     000000F5  _B_5                               _gptrget
     000000F6  _B_6                               _gptrget
     000000F7  _B_7                               _gptrget
     000000F8  _S0_R_FIFO                         HardwareSerial1ISR
     000000F8  _SPI0_STAT                         HardwareSerial1ISR
     000000F9  _SPI0_DATA                         HardwareSerial1ISR
     000000FA  _S0_T_FIFO                         HardwareSerial1ISR
     000000FA  _SPI0_CTRL                         HardwareSerial1ISR
     000000FB  _S0_FREE                           HardwareSerial1ISR
     000000FB  _SPI0_CK_SE                        HardwareSerial1ISR
     000000FC  _S0_IF_BYTE                        HardwareSerial1ISR
     000000FC  _SPI0_SETUP                        HardwareSerial1ISR
     000000FD  _S0_IF_FIRST                       HardwareSerial1ISR
     000000FE  _RESET_KEEP                        HardwareSerial1ISR
     000000FE  _S0_IF_OV                          HardwareSerial1ISR
     000000FF  _S0_FST_ACT                        HardwareSerial1ISR
     000000FF  _WDOG_COUNT                        HardwareSerial1ISR
     00008584  _ROM_ADDR                          HardwareSerial1ISR
     00008F8E  _ROM_DATA                          HardwareSerial1ISR
     0000C5C4  _TKEY_DAT                          HardwareSerial1ISR
     0000CBCA  _RCAP2                             HardwareSerial1ISR
     0000CDCC  _T2COUNT                           HardwareSerial1ISR
     0000CFCE  _T2CAP1                            HardwareSerial1ISR
ASxxxx Linker V03.00 + NoICE + sdld,  page 9.
Hexadecimal  [32-Bits]

Area                                    Addr        Size        Decimal Bytes (Attributes)
--------------------------------        ----        ----        ------- ----- ------------
.  .ABS.                            00000000    00000000 =           0. bytes (ABS,CON)

      Value  Global                              Global Defined In Module
      -----  --------------------------------   ------------------------
     0000E5E4  _UEP2_DMA                          HardwareSerial1ISR
     0000E7E6  _UEP3_DMA                          HardwareSerial1ISR
     0000EDEC  _UEP0_DMA                          HardwareSerial1ISR
     0000EFEE  _UEP1_DMA                          HardwareSerial1ISR
ASxxxx Linker V03.00 + NoICE + sdld,  page 10.
Hexadecimal  [32-Bits]

Area                                    Addr        Size        Decimal Bytes (Attributes)
--------------------------------        ----        ----        ------- ----- ------------
BSEG_BYTES                          00000020    00000001 =           1. bytes (REL,CON)

      Value  Global                              Global Defined In Module
      -----  --------------------------------   ------------------------
ASxxxx Linker V03.00 + NoICE + sdld,  page 11.
Hexadecimal  [32-Bits]

Area                                    Addr        Size        Decimal Bytes (Attributes)
--------------------------------        ----        ----        ------- ----- ------------
REG_BANK_0                          00000000    00000008 =           8. bytes (REL,OVR)

      Value  Global                              Global Defined In Module
      -----  --------------------------------   ------------------------
ASxxxx Linker V03.00 + NoICE + sdld,  page 12.
Hexadecimal  [32-Bits]

Area                                    Addr        Size        Decimal Bytes (Attributes)
--------------------------------        ----        ----        ------- ----- ------------
REG_BANK_1                          00000008    00000008 =           8. bytes (REL,OVR)

      Value  Global                              Global Defined In Module
      -----  --------------------------------   ------------------------
ASxxxx Linker V03.00 + NoICE + sdld,  page 13.
Hexadecimal  [32-Bits]

Area                                    Addr        Size        Decimal Bytes (Attributes)
--------------------------------        ----        ----        ------- ----- ------------
BIT_BANK                            00000021    00000001 =           1. bytes (REL,OVR)

      Value  Global                              Global Defined In Module
      -----  --------------------------------   ------------------------
ASxxxx Linker V03.00 + NoICE + sdld,  page 14.
Hexadecimal  [32-Bits]

Area                                    Addr        Size        Decimal Bytes (Attributes)
--------------------------------        ----        ----        ------- ----- ------------
DSEG                                00000000    0000007E =         126. bytes (REL,CON)

      Value  Global                              Global Defined In Module
      -----  --------------------------------   ------------------------
     00000018  _bp                                _bp

ASxxxx Linker V03.00 + NoICE + sdld,  page 15.
Hexadecimal  [32-Bits]

Area                                    Addr        Size        Decimal Bytes (Attributes)
--------------------------------        ----        ----        ------- ----- ------------
OSEG                                00000019    00000005 =           5. bytes (REL,OVR)

      Value  Global                              Global Defined In Module
      -----  --------------------------------   ------------------------
ASxxxx Linker V03.00 + NoICE + sdld,  page 16.
Hexadecimal  [32-Bits]

Area                                    Addr        Size        Decimal Bytes (Attributes)
--------------------------------        ----        ----        ------- ----- ------------
SSEG                                0000003A    000000C6 =         198. bytes (REL,OVR)

      Value  Global                              Global Defined In Module
      -----  --------------------------------   ------------------------
     0000003A  __start__stack                     main

ASxxxx Linker V03.00 + NoICE + sdld,  page 17.
Hexadecimal  [32-Bits]

Area                                    Addr        Size        Decimal Bytes (Attributes)
--------------------------------        ----        ----        ------- ----- ------------
XSEG                                00000094    000000CF =         207. bytes (REL,CON,XDATA)

      Value  Global                              Global Defined In Module
      -----  --------------------------------   ------------------------
D:   00000094  _CC                                fad_four_ino
D:   00000098  _onCTLChange_PARM_2                fad_four_ino
D:   00000099  _onCTLChange_PARM_3                fad_four_ino
D:   0000009B  _pSerDescr                         USBhandler
D:   0000009E  _SetupLen                          USBhandler
D:   000000A0  _SetupReq                          USBhandler
D:   000000A1  _UsbConfig                         USBhandler
D:   000000A2  _pDescr                            USBhandler
D:   000000A4  _convInt2Hex_PARM_2                USBhandler
D:   000000A9  _sendBuffer                        mimuz_ch55x
D:   000000CD  _rcvIndex                          mimuz_ch55x
D:   000000CE  _rcvLength                         mimuz_ch55x
D:   000000CF  _channel                           mimuz_ch55x
D:   000000D0  _note                              mimuz_ch55x
D:   000000D1  _velocity                          mimuz_ch55x
D:   000000D5  _USBSerial_print_n_PARM_2          mimuz_ch55x
D:   000000E5  _sendMidiMessage_PARM_2            mimuz_ch55x
D:   000000E9  _sendNoteOn_PARM_2                 mimuz_ch55x
D:   000000EA  _sendNoteOn_PARM_3                 mimuz_ch55x
D:   000000EC  _sendNoteOff_PARM_2                mimuz_ch55x
D:   000000EE  _sendCtlChange_PARM_2              mimuz_ch55x
D:   000000EF  _sendCtlChange_PARM_3              mimuz_ch55x
D:   000000F1  _sendNRPN_PARM_2                   mimuz_ch55x
D:   000000F3  _sendNRPN_PARM_3                   mimuz_ch55x
D:   000000F6  _sendPitchbend_PARM_2              mimuz_ch55x
D:   000000FC  _random_minmax_PARM_2              WMath
D:   00000100  _map_PARM_2                        WMath
D:   00000104  _map_PARM_3                        WMath
D:   00000108  _map_PARM_4                        WMath
D:   0000010C  _map_PARM_5                        WMath
D:   00000112  _eeprom_write_byte_PARM_2          eeprom
D:   00000113  ___memcpy_PARM_2                   __memcpy
D:   00000116  ___memcpy_PARM_3                   __memcpy
D:   0000011B  _pinMode_PARM_2                    wiring_digital
D:   0000011C  _digitalWrite_PARM_2               wiring_digital
D:   0000011D  _analogWrite_PARM_2                wiring_analog
D:   0000011F  __gptrput_PARM_2                   _gptrput
D:   00000120  _attachInterrupt_PARM_2            WInterrupts
D:   00000122  _attachInterrupt_PARM_3            WInterrupts
D:   00000123  _Receive_Uart0_Buf                 HardwareSerial0ISR
D:   00000133  _Transmit_Uart0_Buf                HardwareSerial0ISR
D:   00000143  _Receive_Uart1_Buf                 HardwareSerial1ISR
D:   00000153  _Transmit_Uart1_Buf                HardwareSerial1ISR

ASxxxx Linker V03.00 + NoICE + sdld,  page 18.
Hexadecimal  [32-Bits]

Area                                    Addr        Size        Decimal Bytes (Attributes)
--------------------------------        ----        ----        ------- ----- ------------
XISEG                               00000163    0000004D =          77. bytes (REL,CON,XDATA)

      Value  Global                              Global Defined In Module
      -----  --------------------------------   ------------------------
D:   00000163  _dummy_variable                    fad_four_ino
D:   00000165  _faderPin                          fad_four_ino
D:   00000169  _previousValue                     fad_four_ino
D:   0000016D  _sensorValue                       fad_four_ino
D:   0000016E  _MIDI_CHANNEL                      fad_four_ino
D:   0000016F  _hyst                              fad_four_ino
D:   00000170  _currentMode                       fad_four_ino
D:   00000171  _serDescStr                        USBhandler
D:   00000187  _descSerFlg                        USBhandler
D:   00000188  _usbMsgFlags                       USBhandler
D:   00000189  _LineCoding                        mimuz_ch55x
D:   00000190  _USBByteCountEP2                   mimuz_ch55x
D:   00000191  _USBBufOutPointEP2                 mimuz_ch55x
D:   00000192  _UpPoint2_Busy                     mimuz_ch55x
D:   00000193  _controlLineState                  mimuz_ch55x
D:   00000194  _usbWritePointer                   mimuz_ch55x
D:   00000195  _USBByteCountEP3                   mimuz_ch55x
D:   00000196  _USBBufOutPointEP3                 mimuz_ch55x
D:   00000197  _UpPoint3_Busy                     mimuz_ch55x
D:   00000198  _cbNoteOn                          mimuz_ch55x
D:   0000019A  _cbNoteOff                         mimuz_ch55x
D:   0000019C  _cbCtlChange                       mimuz_ch55x
D:   000001A2  _touchKeyHandler                   main
D:   000001A4  _intFunc                           WInterrupts
D:   000001A8  _uart0_rx_buffer_head              HardwareSerial0ISR
D:   000001A9  _uart0_rx_buffer_tail              HardwareSerial0ISR
D:   000001AA  _uart0_tx_buffer_head              HardwareSerial0ISR
D:   000001AB  _uart0_tx_buffer_tail              HardwareSerial0ISR
D:   000001AC  _uart1_rx_buffer_head              HardwareSerial1ISR
D:   000001AD  _uart1_rx_buffer_tail              HardwareSerial1ISR
D:   000001AE  _uart1_tx_buffer_head              HardwareSerial1ISR
D:   000001AF  _uart1_tx_buffer_tail              HardwareSerial1ISR

ASxxxx Linker V03.00 + NoICE + sdld,  page 19.
Hexadecimal  [32-Bits]

Area                                    Addr        Size        Decimal Bytes (Attributes)
--------------------------------        ----        ----        ------- ----- ------------
HOME                                00000000    0000006B =         107. bytes (REL,CON,CODE)

      Value  Global                              Global Defined In Module
      -----  --------------------------------   ------------------------
C:   00000066  __sdcc_program_startup             main
C:   00000069  __sdcc_call_dptr                   

ASxxxx Linker V03.00 + NoICE + sdld,  page 20.
Hexadecimal  [32-Bits]

Area                                    Addr        Size        Decimal Bytes (Attributes)
--------------------------------        ----        ----        ------- ----- ------------
GSINIT0                             0000006B    00000003 =           3. bytes (REL,CON,CODE)

      Value  Global                              Global Defined In Module
      -----  --------------------------------   ------------------------
C:   0000006B  __sdcc_gsinit_startup              

ASxxxx Linker V03.00 + NoICE + sdld,  page 21.
Hexadecimal  [32-Bits]

Area                                    Addr        Size        Decimal Bytes (Attributes)
--------------------------------        ----        ----        ------- ----- ------------
GSINIT2                             0000006E    0000000A =          10. bytes (REL,CON,CODE)

      Value  Global                              Global Defined In Module
      -----  --------------------------------   ------------------------
ASxxxx Linker V03.00 + NoICE + sdld,  page 22.
Hexadecimal  [32-Bits]

Area                                    Addr        Size        Decimal Bytes (Attributes)
--------------------------------        ----        ----        ------- ----- ------------
GSINIT3                             00000078    00000022 =          34. bytes (REL,CON,CODE)

      Value  Global                              Global Defined In Module
      -----  --------------------------------   ------------------------
C:   00000078  __mcs51_genXINIT                   

ASxxxx Linker V03.00 + NoICE + sdld,  page 23.
Hexadecimal  [32-Bits]

Area                                    Addr        Size        Decimal Bytes (Attributes)
--------------------------------        ----        ----        ------- ----- ------------
GSINIT4                             0000009A    0000002A =          42. bytes (REL,CON,CODE)

      Value  Global                              Global Defined In Module
      -----  --------------------------------   ------------------------
C:   0000009A  __mcs51_genRAMCLEAR                
C:   000000A0  __mcs51_genXRAMCLEAR               

ASxxxx Linker V03.00 + NoICE + sdld,  page 24.
Hexadecimal  [32-Bits]

Area                                    Addr        Size        Decimal Bytes (Attributes)
--------------------------------        ----        ----        ------- ----- ------------
GSINIT                              000000C4    00000012 =          18. bytes (REL,CON,CODE)

      Value  Global                              Global Defined In Module
      -----  --------------------------------   ------------------------
ASxxxx Linker V03.00 + NoICE + sdld,  page 25.
Hexadecimal  [32-Bits]

Area                                    Addr        Size        Decimal Bytes (Attributes)
--------------------------------        ----        ----        ------- ----- ------------
GSFINAL                             000000D6    00000004 =           4. bytes (REL,CON,CODE)

      Value  Global                              Global Defined In Module
      -----  --------------------------------   ------------------------
ASxxxx Linker V03.00 + NoICE + sdld,  page 26.
Hexadecimal  [32-Bits]

Area                                    Addr        Size        Decimal Bytes (Attributes)
--------------------------------        ----        ----        ------- ----- ------------
CSEG                                000000DA    00002729 =       10025. bytes (REL,CON,CODE)

      Value  Global                              Global Defined In Module
      -----  --------------------------------   ------------------------
C:   000000DA  _PROGBOOT_now                      fad_four_ino
C:   000000E6  _setup                             fad_four_ino
C:   000001B7  _loop                              fad_four_ino
C:   00000283  _readEEPROM                        fad_four_ino
C:   000002CE  _writeEEPROM                       fad_four_ino
C:   00000312  _onCTLChange                       fad_four_ino
C:   000004B2  _convInt2Hex                       USBhandler
C:   00000539  _loadSerialNumber                  USBhandler
C:   000005B9  _USB_EP0_SETUP                     USBhandler
C:   00000AFA  _USB_EP0_IN                        USBhandler
C:   00000BF2  _USB_EP1_IN                        USBhandler
C:   00000BFE  _USB_EP0_OUT                       USBhandler
C:   00000C1A  _USBInterrupt                      USBhandler
C:   00000D28  _USBDeviceCfg                      USBhandler
C:   00000D41  _USBDeviceIntCfg                   USBhandler
C:   00000D52  _USBDeviceEndPointCfg              USBhandler
C:   00000D86  _USBInit                           mimuz_ch55x
C:   00000DB0  _resetCDCParameters                mimuz_ch55x
C:   00000DBA  _setLineCodingHandler              mimuz_ch55x
C:   00000DFA  _getLineCodingHandler              mimuz_ch55x
C:   00000E25  _setControlLineStateHandler        mimuz_ch55x
C:   00000E83  _USBSerial                         mimuz_ch55x
C:   00000E9B  _USBSerial_flush                   mimuz_ch55x
C:   00000EBA  _USBSerial_write                   mimuz_ch55x
C:   00000F27  _USBSerial_print_n                 mimuz_ch55x
C:   00001001  _USBSerial_available               mimuz_ch55x
C:   00001008  _USBSerial_read                    mimuz_ch55x
C:   00001035  _USB_EP2_IN                        mimuz_ch55x
C:   00001046  _USB_EP2_OUT                       mimuz_ch55x
C:   00001063  _setHdlNoteOff                     mimuz_ch55x
C:   0000107F  _setHdlNoteOn                      mimuz_ch55x
C:   0000109B  _setHdlCtlChange                   mimuz_ch55x
C:   000010B7  _getChannel                        mimuz_ch55x
C:   000010BE  _getNote                           mimuz_ch55x
C:   000010C5  _getVel                            mimuz_ch55x
C:   000010CC  _resetMIDIParameters               mimuz_ch55x
C:   000010DE  _USBMIDIAvailable                  mimuz_ch55x
C:   000010F8  _checkMidiMessage                  mimuz_ch55x
C:   000011C3  _processMidiMessage                mimuz_ch55x
C:   00001403  _sendMidiMessage                   mimuz_ch55x
C:   00001487  _sendNoteOn                        mimuz_ch55x
C:   000014C0  _sendNoteOff                       mimuz_ch55x
C:   000014F4  _sendCtlChange                     mimuz_ch55x
C:   0000152D  _sendNRPN                          mimuz_ch55x
C:   000015BC  _sendPitchbend                     mimuz_ch55x
C:   0000160B  _USB_EP3_IN                        mimuz_ch55x
C:   0000161C  _USB_EP3_OUT                       mimuz_ch55x
C:   00001634  _randomSeed                        WMath
C:   00001649  _random                            WMath
C:   000016A4  _random_minmax                     WMath
ASxxxx Linker V03.00 + NoICE + sdld,  page 27.
Hexadecimal  [32-Bits]

Area                                    Addr        Size        Decimal Bytes (Attributes)
--------------------------------        ----        ----        ------- ----- ------------
CSEG                                000000DA    00002729 =       10025. bytes (REL,CON,CODE)

      Value  Global                              Global Defined In Module
      -----  --------------------------------   ------------------------
C:   00001712  _map                               WMath
C:   000017FC  _rand                              rand
C:   00001874  _srand                             rand
C:   0000189C  _eeprom_write_byte                 eeprom
C:   000018D2  _eeprom_read_byte                  eeprom
C:   000018E2  _DeviceUSBInterrupt                main
C:   00001921  _Uart0_ISR                         main
C:   0000196D  _Uart1_ISR                         main
C:   000019B9  _INT0_ISR                          main
C:   00001A0C  _INT1_ISR                          main
C:   00001A5F  _TOUCHKEY_ISR                      main
C:   00001AB3  _main                              main
C:   00001ABE  ___sdcc_external_startup           main
C:   00001AC2  ___memcpy                          __memcpy
C:   00001B36  _pinMode                           wiring_digital
C:   00001BED  _digitalRead                       wiring_digital
C:   00001C3D  _digitalWrite                      wiring_digital
C:   00001CB2  _analogRead                        wiring_analog
C:   00001CD7  _analogWrite                       wiring_analog
C:   00001D8E  _Timer0Interrupt                   wiring
C:   00001DA7  _micros                            wiring
C:   00001E0E  _millis                            wiring
C:   00001E4B  _delay                             wiring
C:   00001EFC  _delayMicroseconds                 wiring
C:   00001F37  _init                              wiring
C:   00001F6C  __gptrput                          _gptrput
C:   00001F87  _GPIOInterrupt                     weakOverrideGPIO
C:   00001F89  _Timer2Interrupt                   weakOverrideTimer2
C:   00001F8B  __modslong                         _modslong
C:   00002082  __modulong                         _modulong
C:   00002144  __divslong                         _divslong
C:   00002241  __divulong                         _divulong
C:   000022CB  _nothing                           WInterrupts
C:   000022CC  _attachInterrupt                   WInterrupts
C:   00002312  _detachInterrupt                   WInterrupts
C:   00002343  __gptrget                          _gptrget
C:   0000235F  __mullong                          _mullong
C:   00002534  _uart0IntRxHandler                 HardwareSerial0ISR
C:   00002574  _uart0IntTxHandler                 HardwareSerial0ISR
C:   000025C2  _uart1IntRxHandler                 HardwareSerial1ISR
C:   00002602  _uart1IntTxHandler                 HardwareSerial1ISR
C:   00002650  __divsint                          _divsint
C:   000026C6  __divuint                          _divuint
C:   00002712  __sdcc_external_startup            _startup
C:   00002716  __modsint                          _modsint
C:   00002784  __moduint                          _moduint
ASxxxx Linker V03.00 + NoICE + sdld,  page 28.
Hexadecimal  [32-Bits]

Area                                    Addr        Size        Decimal Bytes (Attributes)
--------------------------------        ----        ----        ------- ----- ------------
CONST                               00002803    000001A9 =         425. bytes (REL,CON,CODE)

      Value  Global                              Global Defined In Module
      -----  --------------------------------   ------------------------
C:   00002803  _DevDesc                           fad_four_ino
C:   00002815  _DevDescLen                        fad_four_ino
C:   00002817  _CfgDesc                           fad_four_ino
C:   000028BA  _CfgDescLen                        fad_four_ino
C:   000028BC  _LangDes                           fad_four_ino
C:   000028C0  _LangDesLen                        fad_four_ino
C:   000028C2  _Prod_Des                          fad_four_ino
C:   000028DA  _Prod_DesLen                       fad_four_ino
C:   000028DC  _Manuf_Des                         fad_four_ino
C:   000028FA  _Manuf_DesLen                      fad_four_ino
C:   000028FC  _hexStr                            USBhandler
C:   0000290C  _digital_pin_to_pwm_PGM            wiring_digital
C:   00002934  _digital_pin_to_port_PGM           wiring_digital
C:   0000295C  _digital_pin_to_bit_mask_PGM       wiring_digital
C:   00002984  _digital_pin_to_channel_PGM        wiring_digital
ASxxxx Linker V03.00 + NoICE + sdld,  page 29.
Hexadecimal  [32-Bits]

Area                                    Addr        Size        Decimal Bytes (Attributes)
--------------------------------        ----        ----        ------- ----- ------------
XINIT                               000029AC    0000004D =          77. bytes (REL,CON,CODE)

      Value  Global                              Global Defined In Module
      -----  --------------------------------   ------------------------
ASxxxx Linker V03.00 + NoICE + sdld,  page 30.

Files Linked                              [ module(s) ]

/Users/ronald/Library/Caches/arduino/sketches/1218DB0C5BC8CB92AC038BD88EF41C21/sketch/fad_four.ino.cpp.rel
                                          [  ]
/Users/ronald/Library/Caches/arduino/sketches/1218DB0C5BC8CB92AC038BD88EF41C21/libraries/mimuz-ch55x/USBhandler.c.rel
                                          [  ]
/Users/ronald/Library/Caches/arduino/sketches/1218DB0C5BC8CB92AC038BD88EF41C21/libraries/mimuz-ch55x/mimuz-ch55x.c.rel
                                          [  ]


Libraries Linked                          [ object file ]

/Users/ronald/Library/Caches/arduino/sketches/1218DB0C5BC8CB92AC038BD88EF41C21/../../cores/354ae5e08bd6c33d137e667b14fb818b/core.lib
                                          [ WMath.c.rel ]
/Users/ronald/Library/Arduino15/packages/CH55xDuino/tools/sdcc/build.13407_4/share/sdcc/lib/large_int_calc_stack_auto/libsdcc.lib
                                          [ rand.rel ]
/Users/ronald/Library/Caches/arduino/sketches/1218DB0C5BC8CB92AC038BD88EF41C21/../../cores/354ae5e08bd6c33d137e667b14fb818b/core.lib
                                          [ eeprom.c.rel ]
/Users/ronald/Library/Caches/arduino/sketches/1218DB0C5BC8CB92AC038BD88EF41C21/../../cores/354ae5e08bd6c33d137e667b14fb818b/core.lib
                                          [ main.c.rel ]
/Users/ronald/Library/Arduino15/packages/CH55xDuino/tools/sdcc/build.13407_4/share/sdcc/lib/large_int_calc_stack_auto/mcs51.lib
                                          [ crtclear.rel ]
/Users/ronald/Library/Arduino15/packages/CH55xDuino/tools/sdcc/build.13407_4/share/sdcc/lib/large_int_calc_stack_auto/libsdcc.lib
                                          [ __memcpy.rel ]
/Users/ronald/Library/Caches/arduino/sketches/1218DB0C5BC8CB92AC038BD88EF41C21/../../cores/354ae5e08bd6c33d137e667b14fb818b/core.lib
                                          [ wiring_digital.c.rel ]
/Users/ronald/Library/Arduino15/packages/CH55xDuino/tools/sdcc/build.13407_4/share/sdcc/lib/large_int_calc_stack_auto/mcs51.lib
                                          [ crtxinit.rel ]
/Users/ronald/Library/Caches/arduino/sketches/1218DB0C5BC8CB92AC038BD88EF41C21/../../cores/354ae5e08bd6c33d137e667b14fb818b/core.lib
                                          [ wiring_analog.c.rel ]
/Users/ronald/Library/Caches/arduino/sketches/1218DB0C5BC8CB92AC038BD88EF41C21/../../cores/354ae5e08bd6c33d137e667b14fb818b/core.lib
                                          [ wiring.c.rel ]
/Users/ronald/Library/Arduino15/packages/CH55xDuino/tools/sdcc/build.13407_4/share/sdcc/lib/large_int_calc_stack_auto/libsdcc.lib
                                          [ _gptrput.rel ]
/Users/ronald/Library/Caches/arduino/sketches/1218DB0C5BC8CB92AC038BD88EF41C21/../../cores/354ae5e08bd6c33d137e667b14fb818b/core.lib
                                          [ weakOverrideGPIO.c.rel ]
/Users/ronald/Library/Caches/arduino/sketches/1218DB0C5BC8CB92AC038BD88EF41C21/../../cores/354ae5e08bd6c33d137e667b14fb818b/core.lib
                                          [ weakOverrideTimer2.c.rel ]
/Users/ronald/Library/Arduino15/packages/CH55xDuino/tools/sdcc/build.13407_4/share/sdcc/lib/large_int_calc_stack_auto/mcs51.lib
                                          [ crtxclear.rel ]
/Users/ronald/Library/Arduino15/packages/CH55xDuino/tools/sdcc/build.13407_4/share/sdcc/lib/large_int_calc_stack_auto/liblong.lib
                                          [ _modslong.rel ]
/Users/ronald/Library/Arduino15/packages/CH55xDuino/tools/sdcc/build.13407_4/share/sdcc/lib/large_int_calc_stack_auto/liblong.lib
                                          [ _modulong.rel ]
/Users/ronald/Library/Arduino15/packages/CH55xDuino/tools/sdcc/build.13407_4/share/sdcc/lib/large_int_calc_stack_auto/liblong.lib
                                          [ _divslong.rel ]
/Users/ronald/Library/Arduino15/packages/CH55xDuino/tools/sdcc/build.13407_4/share/sdcc/lib/large_int_calc_stack_auto/liblong.lib
                                          [ _divulong.rel ]
/Users/ronald/Library/Arduino15/packages/CH55xDuino/tools/sdcc/build.13407_4/share/sdcc/lib/large_int_calc_stack_auto/mcs51.lib
                                          [ crtcall.rel ]
/Users/ronald/Library/Arduino15/packages/CH55xDuino/tools/sdcc/build.13407_4/share/sdcc/lib/large_int_calc_stack_auto/libsdcc.lib
                                          [ _bp.rel ]
/Users/ronald/Library/Arduino15/packages/CH55xDuino/tools/sdcc/build.13407_4/share/sdcc/lib/large_int_calc_stack_auto/mcs51.lib
                                          [ crtpagesfr.rel ]
/Users/ronald/Library/Caches/arduino/sketches/1218DB0C5BC8CB92AC038BD88EF41C21/../../cores/354ae5e08bd6c33d137e667b14fb818b/core.lib
                                          [ WInterrupts.c.rel ]
/Users/ronald/Library/Arduino15/packages/CH55xDuino/tools/sdcc/build.13407_4/share/sdcc/lib/large_int_calc_stack_auto/mcs51.lib
                                          [ crtstart.rel ]
/Users/ronald/Library/Arduino15/packages/CH55xDuino/tools/sdcc/build.13407_4/share/sdcc/lib/large_int_calc_stack_auto/libsdcc.lib
                                          [ _gptrget.rel ]
/Users/ronald/Library/Arduino15/packages/CH55xDuino/tools/sdcc/build.13407_4/share/sdcc/lib/large_int_calc_stack_auto/liblong.lib
                                          [ _mullong.rel ]
/Users/ronald/Library/Caches/arduino/sketches/1218DB0C5BC8CB92AC038BD88EF41C21/../../cores/354ae5e08bd6c33d137e667b14fb818b/core.lib
                                          [ HardwareSerial0ISR.c.rel ]
/Users/ronald/Library/Caches/arduino/sketches/1218DB0C5BC8CB92AC038BD88EF41C21/../../cores/354ae5e08bd6c33d137e667b14fb818b/core.lib
                                          [ HardwareSerial1ISR.c.rel ]
/Users/ronald/Library/Arduino15/packages/CH55xDuino/tools/sdcc/build.13407_4/share/sdcc/lib/large_int_calc_stack_auto/libint.lib
                                          [ _divsint.rel ]
/Users/ronald/Library/Arduino15/packages/CH55xDuino/tools/sdcc/build.13407_4/share/sdcc/lib/large_int_calc_stack_auto/libint.lib
                                          [ _divuint.rel ]
/Users/ronald/Library/Arduino15/packages/CH55xDuino/tools/sdcc/build.13407_4/share/sdcc/lib/large_int_calc_stack_auto/libsdcc.lib
                                          [ _startup.rel ]
/Users/ronald/Library/Arduino15/packages/CH55xDuino/tools/sdcc/build.13407_4/share/sdcc/lib/large_int_calc_stack_auto/libint.lib
                                          [ _modsint.rel ]
/Users/ronald/Library/Arduino15/packages/CH55xDuino/tools/sdcc/build.13407_4/share/sdcc/lib/large_int_calc_stack_auto/libint.lib
                                          [ _moduint.rel ]

ASxxxx Linker V03.00 + NoICE + sdld,  page 31.

User Base Address Definitions

HOME = 0x0000
XSEG = 0x0094
PSEG = 0x0094
ISEG = 0x0000
BSEG = 0x0000

